MPLINK 5.09, LINKER
Linker Map File - Created Mon Dec 18 13:36:51 2023

                                 Section Info
                  Section       Type    Address   Location Size(Bytes)
                ---------  ---------  ---------  ---------  ---------
                   .org_0       code   0x000000    program   0x000002
                   .cinit    romdata   0x000001    program   0x000004
                   .org_1       code   0x000004    program   0x0001a8
.config_2007_BUILD/DEFAULT/PRODUCTION/SERVO.O       code   0x002007    program   0x000002



                              Program Memory Usage 
                               Start         End      
                           ---------   ---------      
                            0x000000    0x000002      
                            0x000004    0x0000d7      
                            0x002007    0x002007      
            216 out of 8455 program addresses used, program memory utilization is 2%



                              Symbols - Sorted by Name
                     Name    Address   Location    Storage File                     
                ---------  ---------  ---------  --------- ---------                
         Bucle_Externo_ms   0x0000b3    program     static C:\Users\Alex\Downloads\DELAYS.inc
            Bucle_Interno   0x0000d0    program     static C:\Users\Alex\Downloads\DELAYS.inc
         Bucle_Interno_ms   0x0000b5    program     static C:\Users\Alex\Downloads\DELAYS.inc
         Bucle_Interno_us   0x000098    program     static C:\Users\Alex\Downloads\DELAYS.inc
              Delay_100ms   0x00009f    program     static C:\Users\Alex\Downloads\DELAYS.inc
              Delay_100us   0x000089    program     static C:\Users\Alex\Downloads\DELAYS.inc
               Delay_10ms   0x0000a8    program     static C:\Users\Alex\Downloads\DELAYS.inc
                Delay_10s   0x0000be    program     static C:\Users\Alex\Downloads\DELAYS.inc
               Delay_10us   0x00007a    program     static C:\Users\Alex\Downloads\DELAYS.inc
                Delay_1ms   0x0000b1    program     static C:\Users\Alex\Downloads\DELAYS.inc
                 Delay_1s   0x0000c7    program     static C:\Users\Alex\Downloads\DELAYS.inc
              Delay_200ms   0x00009c    program     static C:\Users\Alex\Downloads\DELAYS.inc
              Delay_200us   0x000085    program     static C:\Users\Alex\Downloads\DELAYS.inc
               Delay_20ms   0x0000a5    program     static C:\Users\Alex\Downloads\DELAYS.inc
                Delay_20s   0x0000bb    program     static C:\Users\Alex\Downloads\DELAYS.inc
               Delay_20us   0x000093    program     static C:\Users\Alex\Downloads\DELAYS.inc
                Delay_2ms   0x0000ae    program     static C:\Users\Alex\Downloads\DELAYS.inc
                 Delay_2s   0x0000c4    program     static C:\Users\Alex\Downloads\DELAYS.inc
                Delay_4us   0x000080    program     static C:\Users\Alex\Downloads\DELAYS.inc
              Delay_500ms   0x0000ca    program     static C:\Users\Alex\Downloads\DELAYS.inc
              Delay_500us   0x000081    program     static C:\Users\Alex\Downloads\DELAYS.inc
               Delay_50ms   0x0000a2    program     static C:\Users\Alex\Downloads\DELAYS.inc
               Delay_50us   0x00008d    program     static C:\Users\Alex\Downloads\DELAYS.inc
                Delay_5ms   0x0000ab    program     static C:\Users\Alex\Downloads\DELAYS.inc
                 Delay_5s   0x0000c1    program     static C:\Users\Alex\Downloads\DELAYS.inc
                Delay_5us   0x00007f    program     static C:\Users\Alex\Downloads\DELAYS.inc
             EndInterrupt   0x000078    program     static C:\Users\Alex\MPLABXProjects\servoyt.X\servo.asm
                   HighS1   0x000059    program     static C:\Users\Alex\MPLABXProjects\servoyt.X\servo.asm
                   HighS2   0x000066    program     static C:\Users\Alex\MPLABXProjects\servoyt.X\servo.asm
                   HighS3   0x000073    program     static C:\Users\Alex\MPLABXProjects\servoyt.X\servo.asm
                     Loop   0x00001b    program     static C:\Users\Alex\MPLABXProjects\servoyt.X\servo.asm
               Loop_First   0x0000ce    program     static C:\Users\Alex\Downloads\DELAYS.inc
              Loop_Second   0x0000cc    program     static C:\Users\Alex\Downloads\DELAYS.inc
                    LowS1   0x000055    program     static C:\Users\Alex\MPLABXProjects\servoyt.X\servo.asm
                    LowS2   0x000062    program     static C:\Users\Alex\MPLABXProjects\servoyt.X\servo.asm
                    LowS3   0x00006f    program     static C:\Users\Alex\MPLABXProjects\servoyt.X\servo.asm
                     Main   0x000005    program     static C:\Users\Alex\MPLABXProjects\servoyt.X\servo.asm
                   Servo1   0x00005e    program     static C:\Users\Alex\MPLABXProjects\servoyt.X\servo.asm
                   Servo2   0x00006b    program     static C:\Users\Alex\MPLABXProjects\servoyt.X\servo.asm
         TIMER0_Interrupt   0x00004f    program     static C:\Users\Alex\MPLABXProjects\servoyt.X\servo.asm



                              Symbols - Sorted by Address
                     Name    Address   Location    Storage File                     
                ---------  ---------  ---------  --------- ---------                
                     Main   0x000005    program     static C:\Users\Alex\MPLABXProjects\servoyt.X\servo.asm
                     Loop   0x00001b    program     static C:\Users\Alex\MPLABXProjects\servoyt.X\servo.asm
         TIMER0_Interrupt   0x00004f    program     static C:\Users\Alex\MPLABXProjects\servoyt.X\servo.asm
                    LowS1   0x000055    program     static C:\Users\Alex\MPLABXProjects\servoyt.X\servo.asm
                   HighS1   0x000059    program     static C:\Users\Alex\MPLABXProjects\servoyt.X\servo.asm
                   Servo1   0x00005e    program     static C:\Users\Alex\MPLABXProjects\servoyt.X\servo.asm
                    LowS2   0x000062    program     static C:\Users\Alex\MPLABXProjects\servoyt.X\servo.asm
                   HighS2   0x000066    program     static C:\Users\Alex\MPLABXProjects\servoyt.X\servo.asm
                   Servo2   0x00006b    program     static C:\Users\Alex\MPLABXProjects\servoyt.X\servo.asm
                    LowS3   0x00006f    program     static C:\Users\Alex\MPLABXProjects\servoyt.X\servo.asm
                   HighS3   0x000073    program     static C:\Users\Alex\MPLABXProjects\servoyt.X\servo.asm
             EndInterrupt   0x000078    program     static C:\Users\Alex\MPLABXProjects\servoyt.X\servo.asm
               Delay_10us   0x00007a    program     static C:\Users\Alex\Downloads\DELAYS.inc
                Delay_5us   0x00007f    program     static C:\Users\Alex\Downloads\DELAYS.inc
                Delay_4us   0x000080    program     static C:\Users\Alex\Downloads\DELAYS.inc
              Delay_500us   0x000081    program     static C:\Users\Alex\Downloads\DELAYS.inc
              Delay_200us   0x000085    program     static C:\Users\Alex\Downloads\DELAYS.inc
              Delay_100us   0x000089    program     static C:\Users\Alex\Downloads\DELAYS.inc
               Delay_50us   0x00008d    program     static C:\Users\Alex\Downloads\DELAYS.inc
               Delay_20us   0x000093    program     static C:\Users\Alex\Downloads\DELAYS.inc
         Bucle_Interno_us   0x000098    program     static C:\Users\Alex\Downloads\DELAYS.inc
              Delay_200ms   0x00009c    program     static C:\Users\Alex\Downloads\DELAYS.inc
              Delay_100ms   0x00009f    program     static C:\Users\Alex\Downloads\DELAYS.inc
               Delay_50ms   0x0000a2    program     static C:\Users\Alex\Downloads\DELAYS.inc
               Delay_20ms   0x0000a5    program     static C:\Users\Alex\Downloads\DELAYS.inc
               Delay_10ms   0x0000a8    program     static C:\Users\Alex\Downloads\DELAYS.inc
                Delay_5ms   0x0000ab    program     static C:\Users\Alex\Downloads\DELAYS.inc
                Delay_2ms   0x0000ae    program     static C:\Users\Alex\Downloads\DELAYS.inc
                Delay_1ms   0x0000b1    program     static C:\Users\Alex\Downloads\DELAYS.inc
         Bucle_Externo_ms   0x0000b3    program     static C:\Users\Alex\Downloads\DELAYS.inc
         Bucle_Interno_ms   0x0000b5    program     static C:\Users\Alex\Downloads\DELAYS.inc
                Delay_20s   0x0000bb    program     static C:\Users\Alex\Downloads\DELAYS.inc
                Delay_10s   0x0000be    program     static C:\Users\Alex\Downloads\DELAYS.inc
                 Delay_5s   0x0000c1    program     static C:\Users\Alex\Downloads\DELAYS.inc
                 Delay_2s   0x0000c4    program     static C:\Users\Alex\Downloads\DELAYS.inc
                 Delay_1s   0x0000c7    program     static C:\Users\Alex\Downloads\DELAYS.inc
              Delay_500ms   0x0000ca    program     static C:\Users\Alex\Downloads\DELAYS.inc
              Loop_Second   0x0000cc    program     static C:\Users\Alex\Downloads\DELAYS.inc
               Loop_First   0x0000ce    program     static C:\Users\Alex\Downloads\DELAYS.inc
            Bucle_Interno   0x0000d0    program     static C:\Users\Alex\Downloads\DELAYS.inc


